curl \
	--header "Content-Type: application/json" \
	--header "X-Client-Info: postgrest-swift/0.0.6" \
	"https://example.supabase.co/todos?select=*&id=in.(1,2,3)"